[aryanxxvii.wixsite.com/my-site-3.html]
[static.parastorage.com/unpkg/core-js-bundle@3.2.1/minified.js]
[static.parastorage.com/unpkg/focus-within-polyfill@5.0.9/dist/focus-within-polyfill.js]
[backblue.gif]
[fade.gif]
[index.html]
[polyfill.io/v3/polyfill.mind82c.js]
[aryanxxvii.wixsite.com/47b73115.min.css]
[aryanxxvii.wixsite.com/1a3ca2ee.min.css]
[aryanxxvii.wixsite.com/16e44c05.min.css]
[aryanxxvii.wixsite.com/6ac53ab7.min.css]
[aryanxxvii.wixsite.com/02595569.min.css]
[aryanxxvii.wixsite.com/e5861f41.min.css]
[aryanxxvii.wixsite.com/c53e42d7.min.css]
[aryanxxvii.wixsite.com/da6c52cb.min.css]
[aryanxxvii.wixsite.com/3d2759f7.min.css]
[aryanxxvii.wixsite.com/960c3a88.min.css]
[aryanxxvii.wixsite.com/390543ac.min.css]
[aryanxxvii.wixsite.com/2f9aeb85.min.css]
[aryanxxvii.wixsite.com/f36661fb.min.css]
[aryanxxvii.wixsite.com/aa613bd1.min.css]
[aryanxxvii.wixsite.com/395efea1.min.css]
[aryanxxvii.wixsite.com/6daaad8b.min.css]
[aryanxxvii.wixsite.com/bf91693c.min.css]
[aryanxxvii.wixsite.com/b4ae8803.min.css]
[aryanxxvii.wixsite.com/62ccedec.min.css]
[aryanxxvii.wixsite.com/ae08c227.min.css]
[aryanxxvii.wixsite.com/11f27093.min.css]
[aryanxxvii.wixsite.com/9b155e90.min.css]
[aryanxxvii.wixsite.com/4ec2545d.min.css]
[aryanxxvii.wixsite.com/1bbe301d.min.css]
[aryanxxvii.wixsite.com/e78a13b3.min.css]
[aryanxxvii.wixsite.com/b604fd33.min.css]
[aryanxxvii.wixsite.com/48c6d58d.min.css]
[aryanxxvii.wixsite.com/439c90c8.min.css]
[aryanxxvii.wixsite.com/cd69f57c.min.css]
[aryanxxvii.wixsite.com/bc223d50.min.css]
[aryanxxvii.wixsite.com/bc2466c0.min.css]
[aryanxxvii.wixsite.com/5d7b6bbf.min.css]
[aryanxxvii.wixsite.com/3fdab364.min.css]
[aryanxxvii.wixsite.com/20d93486.min.css]
[aryanxxvii.wixsite.com/9692b4a8.min.css]
[aryanxxvii.wixsite.com/914012ea.min.css]
[aryanxxvii.wixsite.com/ffa0eb8f.min.css]
[aryanxxvii.wixsite.com/fe8be6d6.min.css]
[aryanxxvii.wixsite.com/a28cca36.min.css]
[aryanxxvii.wixsite.com/02b07b80.min.css]
[aryanxxvii.wixsite.com/265e9a4a.min.css]
[aryanxxvii.wixsite.com/ff342417.min.css]
[aryanxxvii.wixsite.com/2a1582d7.min.css]
[aryanxxvii.wixsite.com/eb321d93.min.css]
[aryanxxvii.wixsite.com/06cfef68.min.css]
[aryanxxvii.wixsite.com/49a18e23.min.css]
[aryanxxvii.wixsite.com/2467b183.min.css]
[aryanxxvii.wixsite.com/f9fd7cbe.min.css]
[aryanxxvii.wixsite.com/e142d0f4.min.css]
[aryanxxvii.wixsite.com/96a73741.min.css]
[aryanxxvii.wixsite.com/4c758e80.min.css]
[aryanxxvii.wixsite.com/44b62fdc.min.css]
[aryanxxvii.wixsite.com/7f8c7c3e.min.css]
[aryanxxvii.wixsite.com/fbbc0ea4.min.css]
[aryanxxvii.wixsite.com/5d29307d.min.css]
[aryanxxvii.wixsite.com/85af43ab.min.css]
[aryanxxvii.wixsite.com/7010eb60.min.css]
[aryanxxvii.wixsite.com/566bec70.min.css]
[aryanxxvii.wixsite.com/fc40122e.min.css]
[aryanxxvii.wixsite.com/45242c23.min.css]
[aryanxxvii.wixsite.com/0efca64c.min.css]
[aryanxxvii.wixsite.com/42ccdc69.min.css]
[aryanxxvii.wixsite.com/4ea3b970.min.css]
[aryanxxvii.wixsite.com/0ee85551.min.css]
[aryanxxvii.wixsite.com/085f85ee.min.css]
[aryanxxvii.wixsite.com/fc21aae5.min.css]
[aryanxxvii.wixsite.com/641eb53d.min.css]
[aryanxxvii.wixsite.com/cabcae51.min.css]
[aryanxxvii.wixsite.com/b66c178d.min.css]
[aryanxxvii.wixsite.com/c7fdedca.min.css]
[aryanxxvii.wixsite.com/ce9dcea4.min.css]
[aryanxxvii.wixsite.com/bc497b45.min.css]
[aryanxxvii.wixsite.com/2acb415c.min.css]
[aryanxxvii.wixsite.com/7d6cd51b.min.css]
[aryanxxvii.wixsite.com/16e57088.min.css]
[aryanxxvii.wixsite.com/0a1c073a.min.css]
[aryanxxvii.wixsite.com/1ac8fc0f.min.css]
[aryanxxvii.wixsite.com/e5d84163.min.css]
[aryanxxvii.wixsite.com/d5f023bb.min.css]
[aryanxxvii.wixsite.com/d820de38.min.css]
[aryanxxvii.wixsite.com/012dc85e.min.css]
[aryanxxvii.wixsite.com/9d29a199.min.css]
[aryanxxvii.wixsite.com/381ee71b.min.css]
[aryanxxvii.wixsite.com/bf413556.min.css]
[aryanxxvii.wixsite.com/316080a6.min.css]
[aryanxxvii.wixsite.com/51a9742f.min.css]
[aryanxxvii.wixsite.com/bf732f1f.min.css]
[aryanxxvii.wixsite.com/99f4b3eb.min.css]
[aryanxxvii.wixsite.com/a545d558.min.css]
[aryanxxvii.wixsite.com/76eac8fb.min.css]
[aryanxxvii.wixsite.com/5346ce3f.min.css]
[aryanxxvii.wixsite.com/f658a9c4.min.css]
[aryanxxvii.wixsite.com/7c9ceb1e.min.css]
[aryanxxvii.wixsite.com/aa72298b.min.css]
[aryanxxvii.wixsite.com/6ea2cb1c.min.css]
[aryanxxvii.wixsite.com/a9c2732c.min.css]
[aryanxxvii.wixsite.com/93e61b80.min.css]
[aryanxxvii.wixsite.com/4bbd8d4f.min.css]
[aryanxxvii.wixsite.com/f4297adc.min.css]
[aryanxxvii.wixsite.com/f3af5621.min.67.delayed]
[aryanxxvii.wixsite.com/23167c06.min.css]
[aryanxxvii.wixsite.com/4c919285.min.css]
[aryanxxvii.wixsite.com/99e902d9.min.css]
[aryanxxvii.wixsite.com/7761d6fc.min.css]
[aryanxxvii.wixsite.com/164e68d9.min.css]
[aryanxxvii.wixsite.com/40e5d5cf.min.css]
[aryanxxvii.wixsite.com/7c602eb2.min.css]
[aryanxxvii.wixsite.com/6b4c7217.min.css]
[aryanxxvii.wixsite.com/5b26625f.min.css]
[aryanxxvii.wixsite.com/2e327647.min.css]
[aryanxxvii.wixsite.com/4a6a7fc9.min.css]
[aryanxxvii.wixsite.com/f52e40aa.min.css]
[aryanxxvii.wixsite.com/29ef3ea9.min.css]
[aryanxxvii.wixsite.com/8a33f286.min.css]
[aryanxxvii.wixsite.com/a1e4335b.min.css]
[aryanxxvii.wixsite.com/67b7c77e.min.css]
[aryanxxvii.wixsite.com/b8760986.min.css]
[aryanxxvii.wixsite.com/37bd0eeb.min.css]
[aryanxxvii.wixsite.com/8d04f72e.min.css]
[aryanxxvii.wixsite.com/84c587cd.min.css]
[aryanxxvii.wixsite.com/ba7d2620.min.css]
[aryanxxvii.wixsite.com/41f1fa78.min.css]
[aryanxxvii.wixsite.com/3e581339.min.css]
[aryanxxvii.wixsite.com/a2f0f523.min.css]
[aryanxxvii.wixsite.com/86aca973.min.css]
[aryanxxvii.wixsite.com/7c1692b1.min.css]
[aryanxxvii.wixsite.com/8005d5c1.min.css]
[aryanxxvii.wixsite.com/0e20a470.min.css]
[aryanxxvii.wixsite.com/c9b5bd15.min.css]
[aryanxxvii.wixsite.com/8c688a9d.min.css]
[aryanxxvii.wixsite.com/6b1e299b.min.css]
[aryanxxvii.wixsite.com/11d68990.min.css]
[aryanxxvii.wixsite.com/3f166307.min.css]
[aryanxxvii.wixsite.com/1355ec40.min.css]
[aryanxxvii.wixsite.com/48220e7a.min.css]
[aryanxxvii.wixsite.com/eca71e40.min.css]
[aryanxxvii.wixsite.com/024f5250.min.css]
[aryanxxvii.wixsite.com/54e8ad37.min.css]
[aryanxxvii.wixsite.com/c79634ce.min.css]
[aryanxxvii.wixsite.com/036d1c2c.min.css]
[aryanxxvii.wixsite.com/04c30725.min.css]
[aryanxxvii.wixsite.com/685dda1c.min.css]
[aryanxxvii.wixsite.com/ad3a6151.min.css]
[aryanxxvii.wixsite.com/b43bc41a.min.css]
[aryanxxvii.wixsite.com/aff3efe3.min.css]
[aryanxxvii.wixsite.com/44306cc3.min.css]
[aryanxxvii.wixsite.com/f08a1c03.min.css]
[aryanxxvii.wixsite.com/6818c64c.min.css]
[aryanxxvii.wixsite.com/4fa4a352.min.css]
[aryanxxvii.wixsite.com/97d7cd97.min.css]
[aryanxxvii.wixsite.com/a1e76019.min.css]
[aryanxxvii.wixsite.com/b4bc6361.min.css]
[aryanxxvii.wixsite.com/9eed3e82.min.css]
[aryanxxvii.wixsite.com/ce776e38.min.css]
[aryanxxvii.wixsite.com/4a43b954.min.css]
[aryanxxvii.wixsite.com/799d016a.min.css]
[aryanxxvii.wixsite.com/c434348a.min.css]
[aryanxxvii.wixsite.com/4038e1e2.min.css]
[aryanxxvii.wixsite.com/c24f5e69.min.css]
[aryanxxvii.wixsite.com/8ab00128.min.css]
[aryanxxvii.wixsite.com/45eee88d.min.css]
[aryanxxvii.wixsite.com/7df86004.min.css]
[aryanxxvii.wixsite.com/145b5660.min.css]
[aryanxxvii.wixsite.com/3e624017.min.css]
[aryanxxvii.wixsite.com/eb810a4a.min.css]
[aryanxxvii.wixsite.com/81ed76c3.min.css]
[aryanxxvii.wixsite.com/6fe867cc.min.css]
[aryanxxvii.wixsite.com/d1f9c7e6.min.css]
[aryanxxvii.wixsite.com/34377b4a.min.css]
[aryanxxvii.wixsite.com/36c7b16b.min.css]
[aryanxxvii.wixsite.com/b0da3a19.min.css]
[aryanxxvii.wixsite.com/70e8afa8.min.css]
[aryanxxvii.wixsite.com/9c39b1d1.min.css]
[aryanxxvii.wixsite.com/59f9faa0.min.css]
[aryanxxvii.wixsite.com/b92ba9ff.min.css]
[aryanxxvii.wixsite.com/91e61dab.min.css]
[aryanxxvii.wixsite.com/41f245d4.min.css]
[aryanxxvii.wixsite.com/e24e08e7.min.css]
[aryanxxvii.wixsite.com/a86a8070.min.css]
[aryanxxvii.wixsite.com/65997748.min.css]
[aryanxxvii.wixsite.com/13eb5276.min.css]
[aryanxxvii.wixsite.com/2978359e.min.css]
[aryanxxvii.wixsite.com/4b1f6567.min.css]
[aryanxxvii.wixsite.com/4e6fba8d.min.css]
[aryanxxvii.wixsite.com/883064bf.min.css]
[aryanxxvii.wixsite.com/55fd4990.min.css]
[aryanxxvii.wixsite.com/882dfccd.min.css]
[aryanxxvii.wixsite.com/70efe3c5.min.css]
[aryanxxvii.wixsite.com/6d011635.min.css]
[aryanxxvii.wixsite.com/af38aead.min.css]
[aryanxxvii.wixsite.com/39cfb47d.min.css]
[aryanxxvii.wixsite.com/1a1f2ab9.min.css]
[aryanxxvii.wixsite.com/5ed4e092.min.css]
[aryanxxvii.wixsite.com/75512b1a.min.css]
[aryanxxvii.wixsite.com/2a38244f.min.css]
[aryanxxvii.wixsite.com/837e8139.min.css]
[aryanxxvii.wixsite.com/f8ec65c6.min.css]
[aryanxxvii.wixsite.com/913e0517.min.css]
[aryanxxvii.wixsite.com/2ce475e3.min.css]
[aryanxxvii.wixsite.com/96f4b814.min.cb.delayed]
[aryanxxvii.wixsite.com/efcd8729.min.css]
[aryanxxvii.wixsite.com/0ebb4539.min.css]
[aryanxxvii.wixsite.com/c9371416.min.css]
[aryanxxvii.wixsite.com/84fca3f0.min.css]
[aryanxxvii.wixsite.com/44b60e9d.min.css]
[aryanxxvii.wixsite.com/48e483a5.min.css]
[aryanxxvii.wixsite.com/100a01ba.min.css]
[aryanxxvii.wixsite.com/dba31346.min.css]
[aryanxxvii.wixsite.com/5a61fee8.min.css]
[aryanxxvii.wixsite.com/6010b816.min.css]
[aryanxxvii.wixsite.com/99e9084d.min.css]
[aryanxxvii.wixsite.com/39cdb6e7.min.css]
[aryanxxvii.wixsite.com/98f5e34d.min.css]
[aryanxxvii.wixsite.com/4bd62377.min.css]
[aryanxxvii.wixsite.com/f6b4449f.min.css]
[aryanxxvii.wixsite.com/692d3cfd.min.css]
[aryanxxvii.wixsite.com/dda10bbb.min.css]
[aryanxxvii.wixsite.com/826aa068.min.css]
[aryanxxvii.wixsite.com/71561e01.min.css]
[aryanxxvii.wixsite.com/2aa93db9.min.css]
[aryanxxvii.wixsite.com/ac1f0c83.min.css]
[aryanxxvii.wixsite.com/3fc3aa14.min.css]
[aryanxxvii.wixsite.com/eed9660c.min.css]
[aryanxxvii.wixsite.com/e98ddd9c.min.css]
[aryanxxvii.wixsite.com/9f54505f.min.css]
[aryanxxvii.wixsite.com/82a3c6bd.min.css]
[aryanxxvii.wixsite.com/959e5e9e.min.css]
[aryanxxvii.wixsite.com/c6933345.min.css]
[aryanxxvii.wixsite.com/7ac66a81.min.css]
[aryanxxvii.wixsite.com/7f6e9aff.min.css]
[aryanxxvii.wixsite.com/7197ceeb.min.css]
[aryanxxvii.wixsite.com/4d761874.min.css]
[aryanxxvii.wixsite.com/57ee110f.min.css]
[aryanxxvii.wixsite.com/723e4fed.min.css]
[aryanxxvii.wixsite.com/7d0d5475.min.css]
[aryanxxvii.wixsite.com/d9e9ecf4.min.css]
[aryanxxvii.wixsite.com/4d71157d.min.css]
[aryanxxvii.wixsite.com/30611ad6.min.css]
[aryanxxvii.wixsite.com/3107aee2.min.css]
[aryanxxvii.wixsite.com/add763df.min.css]
[aryanxxvii.wixsite.com/20a005d9.min.css]
[aryanxxvii.wixsite.com/f12c724d.min.css]
[aryanxxvii.wixsite.com/767a7565.min.css]
[aryanxxvii.wixsite.com/6dd0b2ab.min.css]
[aryanxxvii.wixsite.com/60e6c2a9.min.css]
[aryanxxvii.wixsite.com/6bd04466.min.css]
[aryanxxvii.wixsite.com/e356d735.min.css]
[aryanxxvii.wixsite.com/1fef0d1f.min.css]
[aryanxxvii.wixsite.com/4e9ee1a3.min.css]
[aryanxxvii.wixsite.com/8845e14b.min.css]
[aryanxxvii.wixsite.com/a7d5ac4b.min.css]
[aryanxxvii.wixsite.com/015a530e.min.css]
[aryanxxvii.wixsite.com/b6e3e82f.min.css]
[aryanxxvii.wixsite.com/731d5bce.min.css]
[aryanxxvii.wixsite.com/c61ac2b6.min.css]
[aryanxxvii.wixsite.com/c9d89f77.min.css]
[aryanxxvii.wixsite.com/77753e29.min.css]
[aryanxxvii.wixsite.com/2a3ba4df.min.css]
[aryanxxvii.wixsite.com/1150efce.min.css]
[aryanxxvii.wixsite.com/dbfd66d7.min.css]
[aryanxxvii.wixsite.com/e1813de1.min.css]
[aryanxxvii.wixsite.com/34b72cf9.min.css]
[aryanxxvii.wixsite.com/5d684912.min.css]
[aryanxxvii.wixsite.com/07d43a5b.min.css]
[aryanxxvii.wixsite.com/74e60b57.min.css]
[aryanxxvii.wixsite.com/71b202df.min.css]
[aryanxxvii.wixsite.com/1e24bd4a.min.css]
[aryanxxvii.wixsite.com/d078781b.min.css]
[aryanxxvii.wixsite.com/9a8b46cf.min.css]
[aryanxxvii.wixsite.com/f4071404.min.css]
[aryanxxvii.wixsite.com/a4efbb1a.min.css]
[aryanxxvii.wixsite.com/b69a6dca.min.css]
[aryanxxvii.wixsite.com/a8cea7d1.min.css]
[aryanxxvii.wixsite.com/9b7ffe32.min.css]
[aryanxxvii.wixsite.com/0e2bff6a.min.css]
[aryanxxvii.wixsite.com/8a3174ea.min.css]
[aryanxxvii.wixsite.com/56b396e1.min.css]
[aryanxxvii.wixsite.com/e31c9edb.min.css]
[aryanxxvii.wixsite.com/270ecc94.min.css]
[aryanxxvii.wixsite.com/aae8f9e8.min.css]
[aryanxxvii.wixsite.com/148a549f.min.css]
[aryanxxvii.wixsite.com/243dde79.min.css]
[aryanxxvii.wixsite.com/4b77444e.min.css]
[aryanxxvii.wixsite.com/debda15f.min.css]
[aryanxxvii.wixsite.com/c8e351db.min.css]
[aryanxxvii.wixsite.com/25adc72e.min.css]
[aryanxxvii.wixsite.com/ad3c03fe.min.css]
[aryanxxvii.wixsite.com/696515ba.min.css]
[aryanxxvii.wixsite.com/827a0773.chunk.min.js]
[aryanxxvii.wixsite.com/a187627f.chunk.min.js]
[aryanxxvii.wixsite.com/e495a481.chunk.min.js]
[aryanxxvii.wixsite.com/d759f331.chunk.min.js]
[aryanxxvii.wixsite.com/rb_wixui.thunderbolt_bootstrap-classic.885fc726.chunk.min.js]
[aryanxxvii.wixsite.com/rb_wixui.thunderbolt_bootstrap-responsive.a66c1914.chunk.min.css]
[aryanxxvii.wixsite.com/rb_wixui.thunderbolt_bootstrap-responsive.e495a481.chunk.min.js]
[aryanxxvii.wixsite.com/rb_wixui.thunderbolt_common-site-members-dialogs.d78bf087.chunk.min.css]
[aryanxxvii.wixsite.com/rb_wixui.thunderbolt_common-site-members-dialogs.d759f331.chunk.min.js]
[aryanxxvii.wixsite.com/rb_wixui.thunderbolt_bootstrap.aaf11717.chunk.min.css]
[aryanxxvii.wixsite.com/rb_wixui.thunderbolt_bootstrap.827a0773.chunk.min.js]
[aryanxxvii.wixsite.com/rb_wixui.corvid_core.d73046ab.chunk.min.12f.delayed]
[aryanxxvii.wixsite.com/rb_wixui.thunderbolt_mobile.eea54e4b.chunk.min.css]
[aryanxxvii.wixsite.com/decodeURIComponent(e]
[browser.sentry-cdn.com/6.13.3/bundle.min.js]
[aryanxxvii.wixsite.com/sitemap.xml]
[aryanxxvii.wixsite.com/feed.xml]
[static.parastorage.com/services/wix-thunderbolt/dist/bootstrap-features.635b3da3.bundle.min.js]
[static.parastorage.com/services/wix-thunderbolt/dist/main.547ed5f1.bundle.min.js]
[static.parastorage.com/unpkg/lodash@4.17.21/lodash.min.js]
[static.parastorage.com/unpkg/react@16.13.1/umd/react.production.min.js]
[static.parastorage.com/services/wix-code-platform/1.964.0/wixCodeNamespacesAndElementorySupport.min.js]
[static.parastorage.com/services/tag-manager-client/1.427.0/siteTags.bundle.min.js]
[static.parastorage.com/services/wix-perf-measure/1.641.0/wix-perf-measure.bundle.min.js]
[static.parastorage.com/unpkg/react-dom@16.13.1/umd/react-dom.production.min.js]
[static.wixstatic.com/media/69dc0d_14f507584b0e4ae886ccdb373da1148df000.jpg/v1/fill/w_480,h_270,al_c,q_80,usm_0.66_1.00_0.01,blur_2/69dc0d_14f507584b0e4ae886ccdb373da1148df000.jpg]
[aryanxxvii.wixsite.com/index.html]
[static.wixstatic.com/media/028a88_64f68c12eb3b4f688813fde23f1a4217f000.jpg/v1/fill/w_245,h_138,al_c,q_80,usm_0.66_1.00_0.01,blur_2/028a88_64f68c12eb3b4f688813fde23f1a4217f000.jpg]
[aryanxxvii.wixsite.com/version/index.html]
[static.wixstatic.com/media/028a88_3ba1cb456ca84b0b8b6b25f37c6b54f2_mv2.png/v1/fill/w_80,h_31,al_c,usm_0.66_1.00_0.01,blur_3/image_2021-12-08_182050.png]
[static.wixstatic.com/media/028a88_96c3290476844addac788e7392252959_mv2.png/v1/crop/x_250,y_320,w_1450,h_441/fill/w_112,h_34,al_c,usm_0.66_1.00_0.01,blur_2/image_2021-12-08_183106.png]
[aryanxxvii.wixsite.com/my-site-3.html]
[aryanxxvii.wixsite.com/47b73115.min.html]
[aryanxxvii.wixsite.com/1a3ca2ee.min.html]
[aryanxxvii.wixsite.com/16e44c05.min.html]
[aryanxxvii.wixsite.com/6ac53ab7.min.html]
[aryanxxvii.wixsite.com/02595569.min.html]
[aryanxxvii.wixsite.com/e5861f41.min.html]
[aryanxxvii.wixsite.com/c53e42d7.min.html]
[aryanxxvii.wixsite.com/da6c52cb.min.html]
[aryanxxvii.wixsite.com/3d2759f7.min.html]
[aryanxxvii.wixsite.com/960c3a88.min.html]
[aryanxxvii.wixsite.com/390543ac.min.html]
[aryanxxvii.wixsite.com/2f9aeb85.min.html]
[aryanxxvii.wixsite.com/f36661fb.min.html]
[aryanxxvii.wixsite.com/aa613bd1.min.html]
[aryanxxvii.wixsite.com/395efea1.min.html]
[aryanxxvii.wixsite.com/6daaad8b.min.html]
[aryanxxvii.wixsite.com/bf91693c.min.html]
[aryanxxvii.wixsite.com/b4ae8803.min.html]
[aryanxxvii.wixsite.com/62ccedec.min.html]
[aryanxxvii.wixsite.com/ae08c227.min.html]
[aryanxxvii.wixsite.com/11f27093.min.html]
[aryanxxvii.wixsite.com/9b155e90.min.html]
[aryanxxvii.wixsite.com/4ec2545d.min.html]
[aryanxxvii.wixsite.com/1bbe301d.min.html]
[aryanxxvii.wixsite.com/e78a13b3.min.html]
[aryanxxvii.wixsite.com/b604fd33.min.html]
[aryanxxvii.wixsite.com/48c6d58d.min.html]
[aryanxxvii.wixsite.com/439c90c8.min.html]
[aryanxxvii.wixsite.com/cd69f57c.min.html]
[aryanxxvii.wixsite.com/bc223d50.min.html]
[aryanxxvii.wixsite.com/bc2466c0.min.html]
[aryanxxvii.wixsite.com/5d7b6bbf.min.html]
[aryanxxvii.wixsite.com/3fdab364.min.html]
[aryanxxvii.wixsite.com/20d93486.min.html]
[aryanxxvii.wixsite.com/9692b4a8.min.html]
[aryanxxvii.wixsite.com/914012ea.min.html]
[aryanxxvii.wixsite.com/ffa0eb8f.min.html]
[aryanxxvii.wixsite.com/fe8be6d6.min.html]
[aryanxxvii.wixsite.com/a28cca36.min.html]
[aryanxxvii.wixsite.com/02b07b80.min.html]
[aryanxxvii.wixsite.com/265e9a4a.min.html]
[aryanxxvii.wixsite.com/ff342417.min.html]
[aryanxxvii.wixsite.com/2a1582d7.min.html]
[aryanxxvii.wixsite.com/eb321d93.min.html]
[aryanxxvii.wixsite.com/06cfef68.min.html]
[aryanxxvii.wixsite.com/49a18e23.min.html]
[aryanxxvii.wixsite.com/2467b183.min.html]
[aryanxxvii.wixsite.com/f9fd7cbe.min.html]
[aryanxxvii.wixsite.com/e142d0f4.min.html]
[aryanxxvii.wixsite.com/96a73741.min.html]
[aryanxxvii.wixsite.com/4c758e80.min.html]
[aryanxxvii.wixsite.com/44b62fdc.min.html]
[aryanxxvii.wixsite.com/7f8c7c3e.min.html]
[aryanxxvii.wixsite.com/fbbc0ea4.min.html]
[aryanxxvii.wixsite.com/5d29307d.min.html]
[aryanxxvii.wixsite.com/85af43ab.min.html]
[aryanxxvii.wixsite.com/7010eb60.min.html]
[aryanxxvii.wixsite.com/566bec70.min.html]
[aryanxxvii.wixsite.com/fc40122e.min.html]
[aryanxxvii.wixsite.com/45242c23.min.html]
[aryanxxvii.wixsite.com/0efca64c.min.html]
[aryanxxvii.wixsite.com/42ccdc69.min.html]
[aryanxxvii.wixsite.com/4ea3b970.min.html]
[aryanxxvii.wixsite.com/0ee85551.min.html]
[aryanxxvii.wixsite.com/085f85ee.min.html]
[aryanxxvii.wixsite.com/fc21aae5.min.html]
[aryanxxvii.wixsite.com/641eb53d.min.html]
[aryanxxvii.wixsite.com/cabcae51.min.html]
[aryanxxvii.wixsite.com/b66c178d.min.html]
[aryanxxvii.wixsite.com/c7fdedca.min.html]
[aryanxxvii.wixsite.com/ce9dcea4.min.html]
[aryanxxvii.wixsite.com/bc497b45.min.html]
[aryanxxvii.wixsite.com/2acb415c.min.html]
[aryanxxvii.wixsite.com/7d6cd51b.min.html]
[aryanxxvii.wixsite.com/16e57088.min.html]
[aryanxxvii.wixsite.com/0a1c073a.min.html]
[aryanxxvii.wixsite.com/1ac8fc0f.min.html]
[aryanxxvii.wixsite.com/e5d84163.min.html]
[aryanxxvii.wixsite.com/d5f023bb.min.html]
[aryanxxvii.wixsite.com/d820de38.min.html]
[aryanxxvii.wixsite.com/012dc85e.min.html]
[aryanxxvii.wixsite.com/9d29a199.min.html]
[aryanxxvii.wixsite.com/381ee71b.min.html]
[aryanxxvii.wixsite.com/bf413556.min.html]
[aryanxxvii.wixsite.com/316080a6.min.html]
[aryanxxvii.wixsite.com/51a9742f.min.html]
[aryanxxvii.wixsite.com/bf732f1f.min.html]
[aryanxxvii.wixsite.com/99f4b3eb.min.html]
[aryanxxvii.wixsite.com/a545d558.min.html]
[aryanxxvii.wixsite.com/76eac8fb.min.html]
[aryanxxvii.wixsite.com/5346ce3f.min.html]
[aryanxxvii.wixsite.com/f658a9c4.min.html]
[aryanxxvii.wixsite.com/7c9ceb1e.min.html]
[aryanxxvii.wixsite.com/aa72298b.min.html]
[aryanxxvii.wixsite.com/6ea2cb1c.min.html]
[aryanxxvii.wixsite.com/a9c2732c.min.html]
[aryanxxvii.wixsite.com/93e61b80.min.html]
[aryanxxvii.wixsite.com/4bbd8d4f.min.html]
[aryanxxvii.wixsite.com/f4297adc.min.html]
[aryanxxvii.wixsite.com/f3af5621.min.html]
[aryanxxvii.wixsite.com/23167c06.min.html]
[aryanxxvii.wixsite.com/4c919285.min.html]
[aryanxxvii.wixsite.com/99e902d9.min.html]
[aryanxxvii.wixsite.com/7761d6fc.min.html]
[aryanxxvii.wixsite.com/164e68d9.min.html]
[aryanxxvii.wixsite.com/40e5d5cf.min.html]
[aryanxxvii.wixsite.com/7c602eb2.min.html]
[aryanxxvii.wixsite.com/6b4c7217.min.html]
[aryanxxvii.wixsite.com/5b26625f.min.html]
[aryanxxvii.wixsite.com/2e327647.min.html]
[aryanxxvii.wixsite.com/4a6a7fc9.min.html]
[aryanxxvii.wixsite.com/f52e40aa.min.html]
[aryanxxvii.wixsite.com/29ef3ea9.min.html]
[aryanxxvii.wixsite.com/8a33f286.min.html]
[aryanxxvii.wixsite.com/a1e4335b.min.html]
[aryanxxvii.wixsite.com/67b7c77e.min.html]
[aryanxxvii.wixsite.com/b8760986.min.html]
[aryanxxvii.wixsite.com/37bd0eeb.min.html]
[aryanxxvii.wixsite.com/8d04f72e.min.html]
[aryanxxvii.wixsite.com/84c587cd.min.html]
[aryanxxvii.wixsite.com/ba7d2620.min.html]
[aryanxxvii.wixsite.com/41f1fa78.min.html]
[aryanxxvii.wixsite.com/3e581339.min.html]
[aryanxxvii.wixsite.com/a2f0f523.min.html]
[aryanxxvii.wixsite.com/86aca973.min.html]
[aryanxxvii.wixsite.com/7c1692b1.min.html]
[aryanxxvii.wixsite.com/8005d5c1.min.html]
[aryanxxvii.wixsite.com/0e20a470.min.html]
[aryanxxvii.wixsite.com/c9b5bd15.min.html]
[aryanxxvii.wixsite.com/8c688a9d.min.html]
[aryanxxvii.wixsite.com/6b1e299b.min.html]
[aryanxxvii.wixsite.com/11d68990.min.html]
[aryanxxvii.wixsite.com/3f166307.min.html]
[aryanxxvii.wixsite.com/1355ec40.min.html]
[aryanxxvii.wixsite.com/48220e7a.min.html]
[aryanxxvii.wixsite.com/eca71e40.min.html]
[aryanxxvii.wixsite.com/024f5250.min.html]
[aryanxxvii.wixsite.com/54e8ad37.min.html]
[aryanxxvii.wixsite.com/c79634ce.min.html]
[aryanxxvii.wixsite.com/036d1c2c.min.html]
[aryanxxvii.wixsite.com/04c30725.min.html]
[aryanxxvii.wixsite.com/685dda1c.min.html]
[aryanxxvii.wixsite.com/ad3a6151.min.html]
[aryanxxvii.wixsite.com/b43bc41a.min.html]
[aryanxxvii.wixsite.com/aff3efe3.min.html]
[aryanxxvii.wixsite.com/44306cc3.min.html]
[aryanxxvii.wixsite.com/f08a1c03.min.html]
[aryanxxvii.wixsite.com/6818c64c.min.html]
[aryanxxvii.wixsite.com/4fa4a352.min.html]
[aryanxxvii.wixsite.com/97d7cd97.min.html]
[aryanxxvii.wixsite.com/a1e76019.min.html]
[aryanxxvii.wixsite.com/b4bc6361.min.html]
[aryanxxvii.wixsite.com/9eed3e82.min.html]
[aryanxxvii.wixsite.com/ce776e38.min.html]
[aryanxxvii.wixsite.com/4a43b954.min.html]
[aryanxxvii.wixsite.com/799d016a.min.html]
[aryanxxvii.wixsite.com/c434348a.min.html]
[aryanxxvii.wixsite.com/4038e1e2.min.html]
[aryanxxvii.wixsite.com/c24f5e69.min.html]
[aryanxxvii.wixsite.com/8ab00128.min.html]
[aryanxxvii.wixsite.com/45eee88d.min.html]
[aryanxxvii.wixsite.com/7df86004.min.html]
[aryanxxvii.wixsite.com/145b5660.min.html]
[aryanxxvii.wixsite.com/3e624017.min.html]
[aryanxxvii.wixsite.com/eb810a4a.min.html]
[aryanxxvii.wixsite.com/81ed76c3.min.html]
[aryanxxvii.wixsite.com/6fe867cc.min.html]
[aryanxxvii.wixsite.com/d1f9c7e6.min.html]
[aryanxxvii.wixsite.com/34377b4a.min.html]
[aryanxxvii.wixsite.com/36c7b16b.min.html]
[aryanxxvii.wixsite.com/b0da3a19.min.html]
[aryanxxvii.wixsite.com/70e8afa8.min.html]
[aryanxxvii.wixsite.com/9c39b1d1.min.html]
[aryanxxvii.wixsite.com/59f9faa0.min.html]
[aryanxxvii.wixsite.com/b92ba9ff.min.html]
[aryanxxvii.wixsite.com/91e61dab.min.html]
[aryanxxvii.wixsite.com/41f245d4.min.html]
[aryanxxvii.wixsite.com/e24e08e7.min.html]
[aryanxxvii.wixsite.com/a86a8070.min.html]
[aryanxxvii.wixsite.com/65997748.min.html]
[aryanxxvii.wixsite.com/13eb5276.min.html]
[aryanxxvii.wixsite.com/2978359e.min.html]
[aryanxxvii.wixsite.com/4b1f6567.min.html]
[aryanxxvii.wixsite.com/4e6fba8d.min.html]
[aryanxxvii.wixsite.com/883064bf.min.html]
[aryanxxvii.wixsite.com/55fd4990.min.html]
[aryanxxvii.wixsite.com/882dfccd.min.html]
[aryanxxvii.wixsite.com/70efe3c5.min.html]
[aryanxxvii.wixsite.com/6d011635.min.html]
[aryanxxvii.wixsite.com/af38aead.min.html]
[aryanxxvii.wixsite.com/39cfb47d.min.html]
[aryanxxvii.wixsite.com/1a1f2ab9.min.html]
[aryanxxvii.wixsite.com/5ed4e092.min.html]
[aryanxxvii.wixsite.com/75512b1a.min.html]
[aryanxxvii.wixsite.com/2a38244f.min.html]
[aryanxxvii.wixsite.com/837e8139.min.html]
[aryanxxvii.wixsite.com/f8ec65c6.min.html]
[aryanxxvii.wixsite.com/913e0517.min.html]
[aryanxxvii.wixsite.com/2ce475e3.min.html]
[aryanxxvii.wixsite.com/96f4b814.min.html]
[aryanxxvii.wixsite.com/efcd8729.min.html]
[aryanxxvii.wixsite.com/0ebb4539.min.html]
[aryanxxvii.wixsite.com/c9371416.min.html]
[aryanxxvii.wixsite.com/84fca3f0.min.html]
[aryanxxvii.wixsite.com/44b60e9d.min.html]
[aryanxxvii.wixsite.com/48e483a5.min.html]
[aryanxxvii.wixsite.com/100a01ba.min.html]
[aryanxxvii.wixsite.com/dba31346.min.html]
[aryanxxvii.wixsite.com/5a61fee8.min.html]
[aryanxxvii.wixsite.com/6010b816.min.html]
[aryanxxvii.wixsite.com/99e9084d.min.html]
[aryanxxvii.wixsite.com/39cdb6e7.min.html]
[aryanxxvii.wixsite.com/98f5e34d.min.html]
[aryanxxvii.wixsite.com/4bd62377.min.html]
[aryanxxvii.wixsite.com/f6b4449f.min.html]
[aryanxxvii.wixsite.com/692d3cfd.min.html]
[aryanxxvii.wixsite.com/dda10bbb.min.html]
[aryanxxvii.wixsite.com/826aa068.min.html]
[aryanxxvii.wixsite.com/71561e01.min.html]
[aryanxxvii.wixsite.com/2aa93db9.min.html]
[aryanxxvii.wixsite.com/ac1f0c83.min.html]
[aryanxxvii.wixsite.com/3fc3aa14.min.html]
[aryanxxvii.wixsite.com/eed9660c.min.html]
[aryanxxvii.wixsite.com/e98ddd9c.min.html]
[aryanxxvii.wixsite.com/9f54505f.min.html]
[aryanxxvii.wixsite.com/82a3c6bd.min.html]
[aryanxxvii.wixsite.com/959e5e9e.min.html]
[aryanxxvii.wixsite.com/c6933345.min.html]
[aryanxxvii.wixsite.com/7ac66a81.min.html]
[aryanxxvii.wixsite.com/7f6e9aff.min.html]
[aryanxxvii.wixsite.com/7197ceeb.min.html]
[aryanxxvii.wixsite.com/4d761874.min.html]
[aryanxxvii.wixsite.com/57ee110f.min.html]
[aryanxxvii.wixsite.com/723e4fed.min.html]
[aryanxxvii.wixsite.com/7d0d5475.min.html]
[aryanxxvii.wixsite.com/d9e9ecf4.min.html]
[aryanxxvii.wixsite.com/4d71157d.min.html]
[aryanxxvii.wixsite.com/30611ad6.min.html]
[aryanxxvii.wixsite.com/3107aee2.min.html]
[aryanxxvii.wixsite.com/add763df.min.html]
[aryanxxvii.wixsite.com/20a005d9.min.html]
[aryanxxvii.wixsite.com/f12c724d.min.html]
[aryanxxvii.wixsite.com/767a7565.min.html]
[aryanxxvii.wixsite.com/6dd0b2ab.min.html]
[aryanxxvii.wixsite.com/60e6c2a9.min.html]
[aryanxxvii.wixsite.com/6bd04466.min.html]
[aryanxxvii.wixsite.com/e356d735.min.html]
[aryanxxvii.wixsite.com/1fef0d1f.min.html]
[aryanxxvii.wixsite.com/4e9ee1a3.min.html]
[aryanxxvii.wixsite.com/8845e14b.min.html]
[aryanxxvii.wixsite.com/a7d5ac4b.min.html]
[aryanxxvii.wixsite.com/015a530e.min.html]
[aryanxxvii.wixsite.com/b6e3e82f.min.html]
[aryanxxvii.wixsite.com/731d5bce.min.html]
[aryanxxvii.wixsite.com/c61ac2b6.min.html]
[aryanxxvii.wixsite.com/c9d89f77.min.html]
[aryanxxvii.wixsite.com/77753e29.min.html]
[aryanxxvii.wixsite.com/2a3ba4df.min.html]
[aryanxxvii.wixsite.com/1150efce.min.html]
[aryanxxvii.wixsite.com/dbfd66d7.min.html]
[aryanxxvii.wixsite.com/e1813de1.min.html]
[aryanxxvii.wixsite.com/34b72cf9.min.html]
[aryanxxvii.wixsite.com/5d684912.min.html]
[aryanxxvii.wixsite.com/07d43a5b.min.html]
[aryanxxvii.wixsite.com/74e60b57.min.html]
[aryanxxvii.wixsite.com/71b202df.min.html]
[aryanxxvii.wixsite.com/1e24bd4a.min.html]
[aryanxxvii.wixsite.com/d078781b.min.html]
[aryanxxvii.wixsite.com/9a8b46cf.min.html]
[aryanxxvii.wixsite.com/f4071404.min.html]
[aryanxxvii.wixsite.com/a4efbb1a.min.html]
[aryanxxvii.wixsite.com/b69a6dca.min.html]
[aryanxxvii.wixsite.com/a8cea7d1.min.html]
[aryanxxvii.wixsite.com/9b7ffe32.min.html]
[aryanxxvii.wixsite.com/0e2bff6a.min.html]
[aryanxxvii.wixsite.com/8a3174ea.min.html]
[aryanxxvii.wixsite.com/56b396e1.min.html]
[aryanxxvii.wixsite.com/e31c9edb.min.html]
[aryanxxvii.wixsite.com/270ecc94.min.html]
[aryanxxvii.wixsite.com/aae8f9e8.min.html]
[aryanxxvii.wixsite.com/148a549f.min.html]
[aryanxxvii.wixsite.com/243dde79.min.html]
[aryanxxvii.wixsite.com/4b77444e.min.html]
[aryanxxvii.wixsite.com/debda15f.min.html]
[aryanxxvii.wixsite.com/c8e351db.min.html]
[aryanxxvii.wixsite.com/25adc72e.min.html]
[aryanxxvii.wixsite.com/ad3c03fe.min.html]
[aryanxxvii.wixsite.com/696515ba.min.html]
[aryanxxvii.wixsite.com/827a0773.chunk.min.html]
[aryanxxvii.wixsite.com/a187627f.chunk.min.html]
[aryanxxvii.wixsite.com/e495a481.chunk.min.html]
[aryanxxvii.wixsite.com/d759f331.chunk.min.html]
[aryanxxvii.wixsite.com/rb_wixui.thunderbolt_bootstrap-classic.885fc726.chunk.min.html]
[aryanxxvii.wixsite.com/rb_wixui.thunderbolt_bootstrap-responsive.a66c1914.chunk.min.html]
[aryanxxvii.wixsite.com/rb_wixui.thunderbolt_bootstrap-responsive.e495a481.chunk.min.html]
[aryanxxvii.wixsite.com/rb_wixui.thunderbolt_common-site-members-dialogs.d78bf087.chunk.min.html]
[aryanxxvii.wixsite.com/rb_wixui.thunderbolt_common-site-members-dialogs.d759f331.chunk.min.html]
[aryanxxvii.wixsite.com/rb_wixui.thunderbolt_bootstrap.aaf11717.chunk.min.html]
[aryanxxvii.wixsite.com/rb_wixui.thunderbolt_bootstrap.827a0773.chunk.min.html]
[aryanxxvii.wixsite.com/rb_wixui.corvid_core.d73046ab.chunk.min.html]
[aryanxxvii.wixsite.com/rb_wixui.thunderbolt_mobile.eea54e4b.chunk.min.html]
[aryanxxvii.wixsite.com/decodeURIComponent(e.html]
[aryanxxvii.wixsite.com/sitemap.html]
[aryanxxvii.wixsite.com/feed.html]
[aryanxxvii.wixsite.com/index.html]
[aryanxxvii.wixsite.com/version/index.html]
[aryanxxvii.wixsite.com/my-site-3/form.html]
[aryanxxvii.wixsite.com/my-site-3/47b73115.min.css]
[aryanxxvii.wixsite.com/my-site-3/1a3ca2ee.min.css]
[aryanxxvii.wixsite.com/my-site-3/16e44c05.min.css]
[aryanxxvii.wixsite.com/my-site-3/6ac53ab7.min.css]
[aryanxxvii.wixsite.com/my-site-3/02595569.min.css]
[aryanxxvii.wixsite.com/my-site-3/e5861f41.min.css]
[aryanxxvii.wixsite.com/my-site-3/c53e42d7.min.css]
[aryanxxvii.wixsite.com/my-site-3/da6c52cb.min.css]
[aryanxxvii.wixsite.com/my-site-3/3d2759f7.min.css]
[aryanxxvii.wixsite.com/my-site-3/960c3a88.min.css]
[aryanxxvii.wixsite.com/my-site-3/390543ac.min.css]
[aryanxxvii.wixsite.com/my-site-3/2f9aeb85.min.css]
[aryanxxvii.wixsite.com/my-site-3/f36661fb.min.css]
[aryanxxvii.wixsite.com/my-site-3/aa613bd1.min.css]
[aryanxxvii.wixsite.com/my-site-3/395efea1.min.css]
[aryanxxvii.wixsite.com/my-site-3/6daaad8b.min.css]
[aryanxxvii.wixsite.com/my-site-3/bf91693c.min.css]
[aryanxxvii.wixsite.com/my-site-3/b4ae8803.min.css]
[aryanxxvii.wixsite.com/my-site-3/62ccedec.min.css]
[aryanxxvii.wixsite.com/my-site-3/ae08c227.min.css]
[aryanxxvii.wixsite.com/my-site-3/11f27093.min.css]
[aryanxxvii.wixsite.com/my-site-3/9b155e90.min.css]
[aryanxxvii.wixsite.com/my-site-3/4ec2545d.min.css]
[aryanxxvii.wixsite.com/my-site-3/1bbe301d.min.css]
[aryanxxvii.wixsite.com/my-site-3/e78a13b3.min.css]
[aryanxxvii.wixsite.com/my-site-3/b604fd33.min.css]
[aryanxxvii.wixsite.com/my-site-3/48c6d58d.min.css]
[aryanxxvii.wixsite.com/my-site-3/439c90c8.min.css]
[aryanxxvii.wixsite.com/my-site-3/cd69f57c.min.css]
[aryanxxvii.wixsite.com/my-site-3/bc223d50.min.css]
[aryanxxvii.wixsite.com/my-site-3/bc2466c0.min.css]
[aryanxxvii.wixsite.com/my-site-3/5d7b6bbf.min.css]
[aryanxxvii.wixsite.com/my-site-3/3fdab364.min.css]
[aryanxxvii.wixsite.com/my-site-3/20d93486.min.css]
[aryanxxvii.wixsite.com/my-site-3/9692b4a8.min.css]
[aryanxxvii.wixsite.com/my-site-3/914012ea.min.css]
[aryanxxvii.wixsite.com/my-site-3/ffa0eb8f.min.css]
[aryanxxvii.wixsite.com/my-site-3/fe8be6d6.min.css]
[aryanxxvii.wixsite.com/my-site-3/a28cca36.min.css]
[aryanxxvii.wixsite.com/my-site-3/02b07b80.min.css]
[aryanxxvii.wixsite.com/my-site-3/265e9a4a.min.css]
[aryanxxvii.wixsite.com/my-site-3/ff342417.min.css]
[aryanxxvii.wixsite.com/my-site-3/2a1582d7.min.css]
[aryanxxvii.wixsite.com/my-site-3/eb321d93.min.css]
[aryanxxvii.wixsite.com/my-site-3/06cfef68.min.css]
[aryanxxvii.wixsite.com/my-site-3/49a18e23.min.css]
[aryanxxvii.wixsite.com/my-site-3/2467b183.min.css]
[aryanxxvii.wixsite.com/my-site-3/f9fd7cbe.min.css]
[aryanxxvii.wixsite.com/my-site-3/e142d0f4.min.css]
[aryanxxvii.wixsite.com/my-site-3/96a73741.min.css]
[aryanxxvii.wixsite.com/my-site-3/4c758e80.min.css]
[aryanxxvii.wixsite.com/my-site-3/44b62fdc.min.css]
[aryanxxvii.wixsite.com/my-site-3/7f8c7c3e.min.css]
[aryanxxvii.wixsite.com/my-site-3/fbbc0ea4.min.css]
[aryanxxvii.wixsite.com/my-site-3/5d29307d.min.css]
[aryanxxvii.wixsite.com/my-site-3/85af43ab.min.css]
[aryanxxvii.wixsite.com/my-site-3/7010eb60.min.css]
[aryanxxvii.wixsite.com/my-site-3/566bec70.min.css]
[aryanxxvii.wixsite.com/my-site-3/fc40122e.min.css]
[aryanxxvii.wixsite.com/my-site-3/45242c23.min.css]
[aryanxxvii.wixsite.com/my-site-3/0efca64c.min.css]
[aryanxxvii.wixsite.com/my-site-3/42ccdc69.min.css]
[aryanxxvii.wixsite.com/my-site-3/4ea3b970.min.css]
[aryanxxvii.wixsite.com/my-site-3/0ee85551.min.css]
[aryanxxvii.wixsite.com/my-site-3/085f85ee.min.css]
[aryanxxvii.wixsite.com/my-site-3/fc21aae5.min.css]
[aryanxxvii.wixsite.com/my-site-3/641eb53d.min.css]
[aryanxxvii.wixsite.com/my-site-3/cabcae51.min.css]
[aryanxxvii.wixsite.com/my-site-3/b66c178d.min.css]
[aryanxxvii.wixsite.com/my-site-3/c7fdedca.min.css]
[aryanxxvii.wixsite.com/my-site-3/ce9dcea4.min.css]
[aryanxxvii.wixsite.com/my-site-3/bc497b45.min.css]
[aryanxxvii.wixsite.com/my-site-3/2acb415c.min.css]
[aryanxxvii.wixsite.com/my-site-3/7d6cd51b.min.css]
[aryanxxvii.wixsite.com/my-site-3/16e57088.min.css]
[aryanxxvii.wixsite.com/my-site-3/0a1c073a.min.css]
[aryanxxvii.wixsite.com/my-site-3/1ac8fc0f.min.css]
[aryanxxvii.wixsite.com/my-site-3/e5d84163.min.css]
[aryanxxvii.wixsite.com/my-site-3/d5f023bb.min.css]
[aryanxxvii.wixsite.com/my-site-3/d820de38.min.css]
[aryanxxvii.wixsite.com/my-site-3/012dc85e.min.css]
[aryanxxvii.wixsite.com/my-site-3/9d29a199.min.css]
[aryanxxvii.wixsite.com/my-site-3/381ee71b.min.css]
[aryanxxvii.wixsite.com/my-site-3/bf413556.min.css]
[aryanxxvii.wixsite.com/my-site-3/316080a6.min.css]
[aryanxxvii.wixsite.com/my-site-3/51a9742f.min.css]
[aryanxxvii.wixsite.com/my-site-3/bf732f1f.min.css]
[aryanxxvii.wixsite.com/my-site-3/99f4b3eb.min.css]
[aryanxxvii.wixsite.com/my-site-3/a545d558.min.css]
[aryanxxvii.wixsite.com/my-site-3/76eac8fb.min.css]
[aryanxxvii.wixsite.com/my-site-3/5346ce3f.min.css]
[aryanxxvii.wixsite.com/my-site-3/f658a9c4.min.css]
[aryanxxvii.wixsite.com/my-site-3/7c9ceb1e.min.css]
[aryanxxvii.wixsite.com/my-site-3/aa72298b.min.19f.delayed]
[aryanxxvii.wixsite.com/my-site-3/6ea2cb1c.min.css]
[aryanxxvii.wixsite.com/my-site-3/a9c2732c.min.css]
[aryanxxvii.wixsite.com/my-site-3/93e61b80.min.css]
[aryanxxvii.wixsite.com/my-site-3/4bbd8d4f.min.css]
[aryanxxvii.wixsite.com/my-site-3/f4297adc.min.css]
[aryanxxvii.wixsite.com/my-site-3/f3af5621.min.css]
[aryanxxvii.wixsite.com/my-site-3/23167c06.min.css]
[aryanxxvii.wixsite.com/my-site-3/4c919285.min.css]
[aryanxxvii.wixsite.com/my-site-3/99e902d9.min.css]
[aryanxxvii.wixsite.com/my-site-3/7761d6fc.min.css]
[aryanxxvii.wixsite.com/my-site-3/164e68d9.min.css]
[aryanxxvii.wixsite.com/my-site-3/40e5d5cf.min.css]
[aryanxxvii.wixsite.com/my-site-3/7c602eb2.min.css]
[aryanxxvii.wixsite.com/my-site-3/6b4c7217.min.css]
[aryanxxvii.wixsite.com/my-site-3/5b26625f.min.css]
[aryanxxvii.wixsite.com/my-site-3/2e327647.min.css]
[aryanxxvii.wixsite.com/my-site-3/4a6a7fc9.min.css]
[aryanxxvii.wixsite.com/my-site-3/f52e40aa.min.css]
[aryanxxvii.wixsite.com/my-site-3/29ef3ea9.min.css]
[aryanxxvii.wixsite.com/my-site-3/8a33f286.min.css]
[aryanxxvii.wixsite.com/my-site-3/a1e4335b.min.css]
[aryanxxvii.wixsite.com/my-site-3/67b7c77e.min.css]
[aryanxxvii.wixsite.com/my-site-3/b8760986.min.css]
[aryanxxvii.wixsite.com/my-site-3/37bd0eeb.min.css]
[aryanxxvii.wixsite.com/my-site-3/8d04f72e.min.css]
[aryanxxvii.wixsite.com/my-site-3/84c587cd.min.css]
[aryanxxvii.wixsite.com/my-site-3/ba7d2620.min.css]
[aryanxxvii.wixsite.com/my-site-3/41f1fa78.min.css]
[aryanxxvii.wixsite.com/my-site-3/3e581339.min.css]
[aryanxxvii.wixsite.com/my-site-3/a2f0f523.min.css]
[aryanxxvii.wixsite.com/my-site-3/86aca973.min.css]
[aryanxxvii.wixsite.com/my-site-3/7c1692b1.min.css]
[aryanxxvii.wixsite.com/my-site-3/8005d5c1.min.css]
[aryanxxvii.wixsite.com/my-site-3/0e20a470.min.css]
[aryanxxvii.wixsite.com/my-site-3/c9b5bd15.min.css]
[aryanxxvii.wixsite.com/my-site-3/8c688a9d.min.css]
[aryanxxvii.wixsite.com/my-site-3/6b1e299b.min.css]
[aryanxxvii.wixsite.com/my-site-3/11d68990.min.css]
[aryanxxvii.wixsite.com/my-site-3/3f166307.min.css]
[aryanxxvii.wixsite.com/my-site-3/1355ec40.min.css]
[aryanxxvii.wixsite.com/my-site-3/48220e7a.min.css]
[aryanxxvii.wixsite.com/my-site-3/eca71e40.min.css]
[aryanxxvii.wixsite.com/my-site-3/024f5250.min.css]
[aryanxxvii.wixsite.com/my-site-3/54e8ad37.min.css]
[aryanxxvii.wixsite.com/my-site-3/c79634ce.min.css]
[aryanxxvii.wixsite.com/my-site-3/036d1c2c.min.css]
[aryanxxvii.wixsite.com/my-site-3/04c30725.min.css]
[aryanxxvii.wixsite.com/my-site-3/685dda1c.min.css]
[aryanxxvii.wixsite.com/my-site-3/ad3a6151.min.css]
[aryanxxvii.wixsite.com/my-site-3/b43bc41a.min.css]
[aryanxxvii.wixsite.com/my-site-3/aff3efe3.min.css]
[aryanxxvii.wixsite.com/my-site-3/44306cc3.min.css]
[aryanxxvii.wixsite.com/my-site-3/f08a1c03.min.css]
[aryanxxvii.wixsite.com/my-site-3/6818c64c.min.css]
[aryanxxvii.wixsite.com/my-site-3/4fa4a352.min.css]
[aryanxxvii.wixsite.com/my-site-3/97d7cd97.min.css]
[aryanxxvii.wixsite.com/my-site-3/a1e76019.min.css]
[aryanxxvii.wixsite.com/my-site-3/b4bc6361.min.css]
[aryanxxvii.wixsite.com/my-site-3/9eed3e82.min.css]
[aryanxxvii.wixsite.com/my-site-3/ce776e38.min.css]
[aryanxxvii.wixsite.com/my-site-3/4a43b954.min.css]
[aryanxxvii.wixsite.com/my-site-3/799d016a.min.css]
[aryanxxvii.wixsite.com/my-site-3/c434348a.min.css]
[aryanxxvii.wixsite.com/my-site-3/4038e1e2.min.css]
[aryanxxvii.wixsite.com/my-site-3/c24f5e69.min.css]
[aryanxxvii.wixsite.com/my-site-3/8ab00128.min.css]
[aryanxxvii.wixsite.com/my-site-3/45eee88d.min.css]
[aryanxxvii.wixsite.com/my-site-3/7df86004.min.css]
[aryanxxvii.wixsite.com/my-site-3/145b5660.min.css]
[aryanxxvii.wixsite.com/my-site-3/3e624017.min.css]
[aryanxxvii.wixsite.com/my-site-3/eb810a4a.min.css]
[aryanxxvii.wixsite.com/my-site-3/81ed76c3.min.css]
[aryanxxvii.wixsite.com/my-site-3/6fe867cc.min.css]
[aryanxxvii.wixsite.com/my-site-3/d1f9c7e6.min.css]
[aryanxxvii.wixsite.com/my-site-3/34377b4a.min.css]
[aryanxxvii.wixsite.com/my-site-3/36c7b16b.min.css]
[aryanxxvii.wixsite.com/my-site-3/b0da3a19.min.css]
[aryanxxvii.wixsite.com/my-site-3/70e8afa8.min.css]
[aryanxxvii.wixsite.com/my-site-3/9c39b1d1.min.css]
[aryanxxvii.wixsite.com/my-site-3/59f9faa0.min.css]
[aryanxxvii.wixsite.com/my-site-3/b92ba9ff.min.css]
[aryanxxvii.wixsite.com/my-site-3/91e61dab.min.css]
[aryanxxvii.wixsite.com/my-site-3/41f245d4.min.css]
[aryanxxvii.wixsite.com/my-site-3/e24e08e7.min.css]
[aryanxxvii.wixsite.com/my-site-3/a86a8070.min.css]
[aryanxxvii.wixsite.com/my-site-3/65997748.min.css]
[aryanxxvii.wixsite.com/my-site-3/13eb5276.min.css]
[aryanxxvii.wixsite.com/my-site-3/2978359e.min.css]
[aryanxxvii.wixsite.com/my-site-3/4b1f6567.min.css]
[aryanxxvii.wixsite.com/my-site-3/4e6fba8d.min.css]
[aryanxxvii.wixsite.com/my-site-3/883064bf.min.css]
[aryanxxvii.wixsite.com/my-site-3/55fd4990.min.css]
[aryanxxvii.wixsite.com/my-site-3/882dfccd.min.css]
[aryanxxvii.wixsite.com/my-site-3/70efe3c5.min.css]
[aryanxxvii.wixsite.com/my-site-3/6d011635.min.css]
[aryanxxvii.wixsite.com/my-site-3/af38aead.min.css]
[aryanxxvii.wixsite.com/my-site-3/39cfb47d.min.css]
[aryanxxvii.wixsite.com/my-site-3/1a1f2ab9.min.css]
[aryanxxvii.wixsite.com/my-site-3/5ed4e092.min.css]
[aryanxxvii.wixsite.com/my-site-3/75512b1a.min.203.delayed]
[aryanxxvii.wixsite.com/my-site-3/2a38244f.min.css]
[aryanxxvii.wixsite.com/my-site-3/837e8139.min.css]
[aryanxxvii.wixsite.com/my-site-3/f8ec65c6.min.css]
[aryanxxvii.wixsite.com/my-site-3/913e0517.min.css]
[aryanxxvii.wixsite.com/my-site-3/2ce475e3.min.css]
[aryanxxvii.wixsite.com/my-site-3/96f4b814.min.css]
[aryanxxvii.wixsite.com/my-site-3/efcd8729.min.css]
[aryanxxvii.wixsite.com/my-site-3/0ebb4539.min.css]
[aryanxxvii.wixsite.com/my-site-3/c9371416.min.css]
[aryanxxvii.wixsite.com/my-site-3/84fca3f0.min.css]
[aryanxxvii.wixsite.com/my-site-3/44b60e9d.min.css]
[aryanxxvii.wixsite.com/my-site-3/48e483a5.min.css]
[aryanxxvii.wixsite.com/my-site-3/100a01ba.min.css]
[aryanxxvii.wixsite.com/my-site-3/dba31346.min.css]
[aryanxxvii.wixsite.com/my-site-3/5a61fee8.min.css]
[aryanxxvii.wixsite.com/my-site-3/6010b816.min.css]
[aryanxxvii.wixsite.com/my-site-3/99e9084d.min.css]
[aryanxxvii.wixsite.com/my-site-3/39cdb6e7.min.css]
[aryanxxvii.wixsite.com/my-site-3/98f5e34d.min.css]
[aryanxxvii.wixsite.com/my-site-3/4bd62377.min.css]
[aryanxxvii.wixsite.com/my-site-3/f6b4449f.min.css]
[aryanxxvii.wixsite.com/my-site-3/692d3cfd.min.css]
[aryanxxvii.wixsite.com/my-site-3/dda10bbb.min.css]
[aryanxxvii.wixsite.com/my-site-3/826aa068.min.css]
[aryanxxvii.wixsite.com/my-site-3/71561e01.min.css]
[aryanxxvii.wixsite.com/my-site-3/2aa93db9.min.css]
[aryanxxvii.wixsite.com/my-site-3/ac1f0c83.min.css]
[aryanxxvii.wixsite.com/my-site-3/3fc3aa14.min.css]
[aryanxxvii.wixsite.com/my-site-3/eed9660c.min.css]
[aryanxxvii.wixsite.com/my-site-3/e98ddd9c.min.css]
[aryanxxvii.wixsite.com/my-site-3/9f54505f.min.css]
[aryanxxvii.wixsite.com/my-site-3/82a3c6bd.min.css]
[aryanxxvii.wixsite.com/my-site-3/959e5e9e.min.css]
[aryanxxvii.wixsite.com/my-site-3/c6933345.min.css]
[aryanxxvii.wixsite.com/my-site-3/7ac66a81.min.css]
[aryanxxvii.wixsite.com/my-site-3/7f6e9aff.min.css]
[aryanxxvii.wixsite.com/my-site-3/7197ceeb.min.css]
[aryanxxvii.wixsite.com/my-site-3/4d761874.min.css]
[aryanxxvii.wixsite.com/my-site-3/57ee110f.min.css]
[aryanxxvii.wixsite.com/my-site-3/723e4fed.min.css]
[aryanxxvii.wixsite.com/my-site-3/7d0d5475.min.css]
[aryanxxvii.wixsite.com/my-site-3/d9e9ecf4.min.css]
[aryanxxvii.wixsite.com/my-site-3/4d71157d.min.css]
[aryanxxvii.wixsite.com/my-site-3/30611ad6.min.css]
[aryanxxvii.wixsite.com/my-site-3/3107aee2.min.css]
[aryanxxvii.wixsite.com/my-site-3/add763df.min.css]
[aryanxxvii.wixsite.com/my-site-3/20a005d9.min.css]
[aryanxxvii.wixsite.com/my-site-3/f12c724d.min.css]
[aryanxxvii.wixsite.com/my-site-3/767a7565.min.css]
[aryanxxvii.wixsite.com/my-site-3/6dd0b2ab.min.css]
[aryanxxvii.wixsite.com/my-site-3/60e6c2a9.min.css]
[aryanxxvii.wixsite.com/my-site-3/6bd04466.min.css]
[aryanxxvii.wixsite.com/my-site-3/e356d735.min.css]
[aryanxxvii.wixsite.com/my-site-3/1fef0d1f.min.css]
[aryanxxvii.wixsite.com/my-site-3/4e9ee1a3.min.css]
[aryanxxvii.wixsite.com/my-site-3/8845e14b.min.css]
[aryanxxvii.wixsite.com/my-site-3/a7d5ac4b.min.css]
[aryanxxvii.wixsite.com/my-site-3/015a530e.min.css]
[aryanxxvii.wixsite.com/my-site-3/b6e3e82f.min.css]
[aryanxxvii.wixsite.com/my-site-3/731d5bce.min.css]
[aryanxxvii.wixsite.com/my-site-3/c61ac2b6.min.css]
[aryanxxvii.wixsite.com/my-site-3/c9d89f77.min.css]
[aryanxxvii.wixsite.com/my-site-3/77753e29.min.css]
[aryanxxvii.wixsite.com/my-site-3/2a3ba4df.min.css]
[aryanxxvii.wixsite.com/my-site-3/1150efce.min.css]
[aryanxxvii.wixsite.com/my-site-3/dbfd66d7.min.css]
[aryanxxvii.wixsite.com/my-site-3/e1813de1.min.css]
[aryanxxvii.wixsite.com/my-site-3/34b72cf9.min.css]
[aryanxxvii.wixsite.com/my-site-3/5d684912.min.css]
[aryanxxvii.wixsite.com/my-site-3/07d43a5b.min.css]
[aryanxxvii.wixsite.com/my-site-3/74e60b57.min.css]
[aryanxxvii.wixsite.com/my-site-3/71b202df.min.css]
[aryanxxvii.wixsite.com/my-site-3/1e24bd4a.min.css]
[aryanxxvii.wixsite.com/my-site-3/d078781b.min.css]
[aryanxxvii.wixsite.com/my-site-3/9a8b46cf.min.css]
[aryanxxvii.wixsite.com/my-site-3/f4071404.min.css]
[aryanxxvii.wixsite.com/my-site-3/a4efbb1a.min.css]
[aryanxxvii.wixsite.com/my-site-3/b69a6dca.min.css]
[aryanxxvii.wixsite.com/my-site-3/a8cea7d1.min.css]
[aryanxxvii.wixsite.com/my-site-3/9b7ffe32.min.css]
[aryanxxvii.wixsite.com/my-site-3/0e2bff6a.min.css]
[aryanxxvii.wixsite.com/my-site-3/8a3174ea.min.css]
[aryanxxvii.wixsite.com/my-site-3/56b396e1.min.css]
[aryanxxvii.wixsite.com/my-site-3/e31c9edb.min.css]
[aryanxxvii.wixsite.com/my-site-3/270ecc94.min.css]
[aryanxxvii.wixsite.com/my-site-3/aae8f9e8.min.css]
[aryanxxvii.wixsite.com/my-site-3/148a549f.min.css]
[aryanxxvii.wixsite.com/my-site-3/243dde79.min.css]
[aryanxxvii.wixsite.com/my-site-3/4b77444e.min.css]
[aryanxxvii.wixsite.com/my-site-3/debda15f.min.css]
[aryanxxvii.wixsite.com/my-site-3/c8e351db.min.css]
[aryanxxvii.wixsite.com/my-site-3/25adc72e.min.css]
[aryanxxvii.wixsite.com/my-site-3/ad3c03fe.min.css]
[aryanxxvii.wixsite.com/my-site-3/696515ba.min.css]
[aryanxxvii.wixsite.com/my-site-3/827a0773.chunk.min.js]
[aryanxxvii.wixsite.com/my-site-3/a187627f.chunk.min.js]
[aryanxxvii.wixsite.com/my-site-3/e495a481.chunk.min.js]
[aryanxxvii.wixsite.com/my-site-3/d759f331.chunk.min.js]
[aryanxxvii.wixsite.com/my-site-3/rb_wixui.thunderbolt_bootstrap-classic.885fc726.chunk.min.js]
[aryanxxvii.wixsite.com/my-site-3/rb_wixui.thunderbolt_bootstrap-responsive.a66c1914.chunk.min.267.delayed]
[aryanxxvii.wixsite.com/my-site-3/rb_wixui.thunderbolt_bootstrap-responsive.e495a481.chunk.min.js]
[aryanxxvii.wixsite.com/my-site-3/rb_wixui.thunderbolt_common-site-members-dialogs.d78bf087.chunk.min.css]
[aryanxxvii.wixsite.com/my-site-3/rb_wixui.thunderbolt_common-site-members-dialogs.d759f331.chunk.min.js]
[aryanxxvii.wixsite.com/my-site-3/rb_wixui.thunderbolt_bootstrap.aaf11717.chunk.min.css]
[aryanxxvii.wixsite.com/my-site-3/rb_wixui.thunderbolt_bootstrap.827a0773.chunk.min.js]
[aryanxxvii.wixsite.com/my-site-3/rb_wixui.corvid_core.d73046ab.chunk.min.js]
[aryanxxvii.wixsite.com/my-site-3/rb_wixui.thunderbolt_mobile.eea54e4b.chunk.min.css]
[aryanxxvii.wixsite.com/my-site-3/decodeURIComponent(e]
[aryanxxvii.wixsite.com/my-site-3/robots.txt]
[aryanxxvii.wixsite.com/my-site-3/sitemap.xml]
[aryanxxvii.wixsite.com/my-site-3/feed.xml]
[aryanxxvii.wixsite.com/my-site-3/form.html]
[aryanxxvii.wixsite.com/my-site-3/47b73115.min.html]
[aryanxxvii.wixsite.com/my-site-3/1a3ca2ee.min.html]
[aryanxxvii.wixsite.com/my-site-3/16e44c05.min.html]
[aryanxxvii.wixsite.com/my-site-3/6ac53ab7.min.html]
[aryanxxvii.wixsite.com/my-site-3/02595569.min.html]
[aryanxxvii.wixsite.com/my-site-3/e5861f41.min.html]
[aryanxxvii.wixsite.com/my-site-3/c53e42d7.min.html]
[aryanxxvii.wixsite.com/my-site-3/da6c52cb.min.html]
[aryanxxvii.wixsite.com/my-site-3/3d2759f7.min.html]
[aryanxxvii.wixsite.com/my-site-3/960c3a88.min.html]
[aryanxxvii.wixsite.com/my-site-3/390543ac.min.html]
[aryanxxvii.wixsite.com/my-site-3/2f9aeb85.min.html]
[aryanxxvii.wixsite.com/my-site-3/f36661fb.min.html]
[aryanxxvii.wixsite.com/my-site-3/aa613bd1.min.html]
[aryanxxvii.wixsite.com/my-site-3/395efea1.min.html]
[aryanxxvii.wixsite.com/my-site-3/6daaad8b.min.html]
[aryanxxvii.wixsite.com/my-site-3/bf91693c.min.html]
[aryanxxvii.wixsite.com/my-site-3/b4ae8803.min.html]
[aryanxxvii.wixsite.com/my-site-3/62ccedec.min.html]
[aryanxxvii.wixsite.com/my-site-3/ae08c227.min.html]
[aryanxxvii.wixsite.com/my-site-3/11f27093.min.html]
[aryanxxvii.wixsite.com/my-site-3/9b155e90.min.html]
[aryanxxvii.wixsite.com/my-site-3/4ec2545d.min.html]
[aryanxxvii.wixsite.com/my-site-3/1bbe301d.min.html]
[aryanxxvii.wixsite.com/my-site-3/e78a13b3.min.html]
[aryanxxvii.wixsite.com/my-site-3/b604fd33.min.html]
[aryanxxvii.wixsite.com/my-site-3/48c6d58d.min.html]
[aryanxxvii.wixsite.com/my-site-3/439c90c8.min.html]
[aryanxxvii.wixsite.com/my-site-3/cd69f57c.min.html]
[aryanxxvii.wixsite.com/my-site-3/bc223d50.min.html]
[aryanxxvii.wixsite.com/my-site-3/bc2466c0.min.html]
[aryanxxvii.wixsite.com/my-site-3/5d7b6bbf.min.html]
[aryanxxvii.wixsite.com/my-site-3/3fdab364.min.html]
[aryanxxvii.wixsite.com/my-site-3/20d93486.min.html]
[aryanxxvii.wixsite.com/my-site-3/9692b4a8.min.html]
[aryanxxvii.wixsite.com/my-site-3/914012ea.min.html]
[aryanxxvii.wixsite.com/my-site-3/ffa0eb8f.min.html]
[aryanxxvii.wixsite.com/my-site-3/fe8be6d6.min.html]
[aryanxxvii.wixsite.com/my-site-3/a28cca36.min.html]
[aryanxxvii.wixsite.com/my-site-3/02b07b80.min.html]
[aryanxxvii.wixsite.com/my-site-3/265e9a4a.min.html]
[aryanxxvii.wixsite.com/my-site-3/ff342417.min.html]
[aryanxxvii.wixsite.com/my-site-3/2a1582d7.min.html]
[aryanxxvii.wixsite.com/my-site-3/eb321d93.min.html]
[aryanxxvii.wixsite.com/my-site-3/06cfef68.min.html]
[aryanxxvii.wixsite.com/my-site-3/49a18e23.min.html]
[aryanxxvii.wixsite.com/my-site-3/2467b183.min.html]
[aryanxxvii.wixsite.com/my-site-3/f9fd7cbe.min.html]
[aryanxxvii.wixsite.com/my-site-3/e142d0f4.min.html]
[aryanxxvii.wixsite.com/my-site-3/96a73741.min.html]
[aryanxxvii.wixsite.com/my-site-3/4c758e80.min.html]
[aryanxxvii.wixsite.com/my-site-3/44b62fdc.min.html]
[aryanxxvii.wixsite.com/my-site-3/7f8c7c3e.min.html]
[aryanxxvii.wixsite.com/my-site-3/fbbc0ea4.min.html]
[aryanxxvii.wixsite.com/my-site-3/5d29307d.min.html]
[aryanxxvii.wixsite.com/my-site-3/85af43ab.min.html]
[aryanxxvii.wixsite.com/my-site-3/7010eb60.min.html]
[aryanxxvii.wixsite.com/my-site-3/566bec70.min.html]
[aryanxxvii.wixsite.com/my-site-3/fc40122e.min.html]
[aryanxxvii.wixsite.com/my-site-3/45242c23.min.html]
[aryanxxvii.wixsite.com/my-site-3/0efca64c.min.html]
[aryanxxvii.wixsite.com/my-site-3/42ccdc69.min.html]
[aryanxxvii.wixsite.com/my-site-3/4ea3b970.min.html]
[aryanxxvii.wixsite.com/my-site-3/0ee85551.min.html]
[aryanxxvii.wixsite.com/my-site-3/085f85ee.min.html]
[aryanxxvii.wixsite.com/my-site-3/fc21aae5.min.html]
[aryanxxvii.wixsite.com/my-site-3/641eb53d.min.html]
[aryanxxvii.wixsite.com/my-site-3/cabcae51.min.html]
[aryanxxvii.wixsite.com/my-site-3/b66c178d.min.html]
[aryanxxvii.wixsite.com/my-site-3/c7fdedca.min.html]
[aryanxxvii.wixsite.com/my-site-3/ce9dcea4.min.html]
[aryanxxvii.wixsite.com/my-site-3/bc497b45.min.html]
[aryanxxvii.wixsite.com/my-site-3/2acb415c.min.html]
[aryanxxvii.wixsite.com/my-site-3/7d6cd51b.min.html]
[aryanxxvii.wixsite.com/my-site-3/16e57088.min.html]
[aryanxxvii.wixsite.com/my-site-3/0a1c073a.min.html]
[aryanxxvii.wixsite.com/my-site-3/1ac8fc0f.min.html]
[aryanxxvii.wixsite.com/my-site-3/e5d84163.min.html]
[aryanxxvii.wixsite.com/my-site-3/d5f023bb.min.html]
[aryanxxvii.wixsite.com/my-site-3/d820de38.min.html]
[aryanxxvii.wixsite.com/my-site-3/012dc85e.min.html]
[aryanxxvii.wixsite.com/my-site-3/9d29a199.min.html]
[aryanxxvii.wixsite.com/my-site-3/381ee71b.min.html]
[aryanxxvii.wixsite.com/my-site-3/bf413556.min.html]
[aryanxxvii.wixsite.com/my-site-3/316080a6.min.html]
[aryanxxvii.wixsite.com/my-site-3/51a9742f.min.html]
[aryanxxvii.wixsite.com/my-site-3/bf732f1f.min.html]
[aryanxxvii.wixsite.com/my-site-3/99f4b3eb.min.html]
[aryanxxvii.wixsite.com/my-site-3/a545d558.min.html]
[aryanxxvii.wixsite.com/my-site-3/76eac8fb.min.html]
[aryanxxvii.wixsite.com/my-site-3/5346ce3f.min.html]
[aryanxxvii.wixsite.com/my-site-3/f658a9c4.min.html]
[aryanxxvii.wixsite.com/my-site-3/7c9ceb1e.min.html]
[aryanxxvii.wixsite.com/my-site-3/aa72298b.min.html]
[aryanxxvii.wixsite.com/my-site-3/6ea2cb1c.min.html]
[aryanxxvii.wixsite.com/my-site-3/a9c2732c.min.html]
[aryanxxvii.wixsite.com/my-site-3/93e61b80.min.html]
[aryanxxvii.wixsite.com/my-site-3/4bbd8d4f.min.html]
[aryanxxvii.wixsite.com/my-site-3/f4297adc.min.html]
[aryanxxvii.wixsite.com/my-site-3/f3af5621.min.html]
[aryanxxvii.wixsite.com/my-site-3/23167c06.min.html]
[aryanxxvii.wixsite.com/my-site-3/4c919285.min.html]
[aryanxxvii.wixsite.com/my-site-3/99e902d9.min.html]
[aryanxxvii.wixsite.com/my-site-3/7761d6fc.min.html]
[aryanxxvii.wixsite.com/my-site-3/164e68d9.min.html]
[aryanxxvii.wixsite.com/my-site-3/40e5d5cf.min.html]
[aryanxxvii.wixsite.com/my-site-3/7c602eb2.min.html]
[aryanxxvii.wixsite.com/my-site-3/6b4c7217.min.html]
[aryanxxvii.wixsite.com/my-site-3/5b26625f.min.html]
[aryanxxvii.wixsite.com/my-site-3/2e327647.min.html]
[aryanxxvii.wixsite.com/my-site-3/4a6a7fc9.min.html]
[aryanxxvii.wixsite.com/my-site-3/f52e40aa.min.html]
[aryanxxvii.wixsite.com/my-site-3/29ef3ea9.min.html]
[aryanxxvii.wixsite.com/my-site-3/8a33f286.min.html]
[aryanxxvii.wixsite.com/my-site-3/a1e4335b.min.html]
[aryanxxvii.wixsite.com/my-site-3/67b7c77e.min.html]
[aryanxxvii.wixsite.com/my-site-3/b8760986.min.html]
[aryanxxvii.wixsite.com/my-site-3/37bd0eeb.min.html]
[aryanxxvii.wixsite.com/my-site-3/8d04f72e.min.html]
[aryanxxvii.wixsite.com/my-site-3/84c587cd.min.html]
[aryanxxvii.wixsite.com/my-site-3/ba7d2620.min.html]
[aryanxxvii.wixsite.com/my-site-3/41f1fa78.min.html]
[aryanxxvii.wixsite.com/my-site-3/3e581339.min.html]
[aryanxxvii.wixsite.com/my-site-3/a2f0f523.min.html]
[aryanxxvii.wixsite.com/my-site-3/86aca973.min.html]
[aryanxxvii.wixsite.com/my-site-3/7c1692b1.min.html]
[aryanxxvii.wixsite.com/my-site-3/8005d5c1.min.html]
[aryanxxvii.wixsite.com/my-site-3/0e20a470.min.html]
[aryanxxvii.wixsite.com/my-site-3/c9b5bd15.min.html]
[aryanxxvii.wixsite.com/my-site-3/8c688a9d.min.html]
[aryanxxvii.wixsite.com/my-site-3/6b1e299b.min.html]
[aryanxxvii.wixsite.com/my-site-3/11d68990.min.html]
[aryanxxvii.wixsite.com/my-site-3/3f166307.min.html]
[aryanxxvii.wixsite.com/my-site-3/1355ec40.min.html]
[aryanxxvii.wixsite.com/my-site-3/48220e7a.min.html]
[aryanxxvii.wixsite.com/my-site-3/eca71e40.min.html]
[aryanxxvii.wixsite.com/my-site-3/024f5250.min.html]
[aryanxxvii.wixsite.com/my-site-3/54e8ad37.min.html]
[aryanxxvii.wixsite.com/my-site-3/c79634ce.min.html]
[aryanxxvii.wixsite.com/my-site-3/036d1c2c.min.html]
[aryanxxvii.wixsite.com/my-site-3/04c30725.min.html]
[aryanxxvii.wixsite.com/my-site-3/685dda1c.min.html]
[aryanxxvii.wixsite.com/my-site-3/ad3a6151.min.html]
[aryanxxvii.wixsite.com/my-site-3/b43bc41a.min.html]
[aryanxxvii.wixsite.com/my-site-3/aff3efe3.min.html]
[aryanxxvii.wixsite.com/my-site-3/44306cc3.min.html]
[aryanxxvii.wixsite.com/my-site-3/f08a1c03.min.html]
[aryanxxvii.wixsite.com/my-site-3/6818c64c.min.html]
[aryanxxvii.wixsite.com/my-site-3/4fa4a352.min.html]
[aryanxxvii.wixsite.com/my-site-3/97d7cd97.min.html]
[aryanxxvii.wixsite.com/my-site-3/a1e76019.min.html]
[aryanxxvii.wixsite.com/my-site-3/b4bc6361.min.html]
[aryanxxvii.wixsite.com/my-site-3/9eed3e82.min.html]
[aryanxxvii.wixsite.com/my-site-3/ce776e38.min.html]
[aryanxxvii.wixsite.com/my-site-3/4a43b954.min.html]
[aryanxxvii.wixsite.com/my-site-3/799d016a.min.html]
[aryanxxvii.wixsite.com/my-site-3/c434348a.min.html]
[aryanxxvii.wixsite.com/my-site-3/4038e1e2.min.html]
[aryanxxvii.wixsite.com/my-site-3/c24f5e69.min.html]
[aryanxxvii.wixsite.com/my-site-3/8ab00128.min.html]
[aryanxxvii.wixsite.com/my-site-3/45eee88d.min.html]
[aryanxxvii.wixsite.com/my-site-3/7df86004.min.html]
[aryanxxvii.wixsite.com/my-site-3/145b5660.min.html]
[aryanxxvii.wixsite.com/my-site-3/3e624017.min.html]
[aryanxxvii.wixsite.com/my-site-3/eb810a4a.min.html]
[aryanxxvii.wixsite.com/my-site-3/81ed76c3.min.html]
[aryanxxvii.wixsite.com/my-site-3/6fe867cc.min.html]
[aryanxxvii.wixsite.com/my-site-3/d1f9c7e6.min.html]
[aryanxxvii.wixsite.com/my-site-3/34377b4a.min.html]
[aryanxxvii.wixsite.com/my-site-3/36c7b16b.min.html]
[aryanxxvii.wixsite.com/my-site-3/b0da3a19.min.html]
[aryanxxvii.wixsite.com/my-site-3/70e8afa8.min.html]
[aryanxxvii.wixsite.com/my-site-3/9c39b1d1.min.html]
[aryanxxvii.wixsite.com/my-site-3/59f9faa0.min.html]
[aryanxxvii.wixsite.com/my-site-3/b92ba9ff.min.html]
[aryanxxvii.wixsite.com/my-site-3/91e61dab.min.html]
[aryanxxvii.wixsite.com/my-site-3/41f245d4.min.html]
[aryanxxvii.wixsite.com/my-site-3/e24e08e7.min.html]
[aryanxxvii.wixsite.com/my-site-3/a86a8070.min.html]
[aryanxxvii.wixsite.com/my-site-3/65997748.min.html]
[aryanxxvii.wixsite.com/my-site-3/13eb5276.min.html]
[aryanxxvii.wixsite.com/my-site-3/2978359e.min.html]
[aryanxxvii.wixsite.com/my-site-3/4b1f6567.min.html]
[aryanxxvii.wixsite.com/my-site-3/4e6fba8d.min.html]
[aryanxxvii.wixsite.com/my-site-3/883064bf.min.html]
[aryanxxvii.wixsite.com/my-site-3/55fd4990.min.html]
[aryanxxvii.wixsite.com/my-site-3/882dfccd.min.html]
[aryanxxvii.wixsite.com/my-site-3/70efe3c5.min.html]
[aryanxxvii.wixsite.com/my-site-3/6d011635.min.html]
[aryanxxvii.wixsite.com/my-site-3/af38aead.min.html]
[aryanxxvii.wixsite.com/my-site-3/39cfb47d.min.html]
[aryanxxvii.wixsite.com/my-site-3/1a1f2ab9.min.html]
[aryanxxvii.wixsite.com/my-site-3/5ed4e092.min.html]
[aryanxxvii.wixsite.com/my-site-3/75512b1a.min.html]
[aryanxxvii.wixsite.com/my-site-3/2a38244f.min.html]
[aryanxxvii.wixsite.com/my-site-3/837e8139.min.html]
[aryanxxvii.wixsite.com/my-site-3/f8ec65c6.min.html]
[aryanxxvii.wixsite.com/my-site-3/913e0517.min.html]
[aryanxxvii.wixsite.com/my-site-3/2ce475e3.min.html]
[aryanxxvii.wixsite.com/my-site-3/96f4b814.min.html]
[aryanxxvii.wixsite.com/my-site-3/efcd8729.min.html]
[aryanxxvii.wixsite.com/my-site-3/0ebb4539.min.html]
[aryanxxvii.wixsite.com/my-site-3/c9371416.min.html]
[aryanxxvii.wixsite.com/my-site-3/84fca3f0.min.html]
[aryanxxvii.wixsite.com/my-site-3/44b60e9d.min.html]
[aryanxxvii.wixsite.com/my-site-3/48e483a5.min.html]
[aryanxxvii.wixsite.com/my-site-3/100a01ba.min.html]
[aryanxxvii.wixsite.com/my-site-3/dba31346.min.html]
[aryanxxvii.wixsite.com/my-site-3/5a61fee8.min.html]
[aryanxxvii.wixsite.com/my-site-3/6010b816.min.html]
[aryanxxvii.wixsite.com/my-site-3/99e9084d.min.html]
[aryanxxvii.wixsite.com/my-site-3/39cdb6e7.min.html]
[aryanxxvii.wixsite.com/my-site-3/98f5e34d.min.html]
[aryanxxvii.wixsite.com/my-site-3/4bd62377.min.html]
[aryanxxvii.wixsite.com/my-site-3/f6b4449f.min.html]
[aryanxxvii.wixsite.com/my-site-3/692d3cfd.min.html]
[aryanxxvii.wixsite.com/my-site-3/dda10bbb.min.html]
[aryanxxvii.wixsite.com/my-site-3/826aa068.min.html]
[aryanxxvii.wixsite.com/my-site-3/71561e01.min.html]
[aryanxxvii.wixsite.com/my-site-3/2aa93db9.min.html]
[aryanxxvii.wixsite.com/my-site-3/ac1f0c83.min.html]
[aryanxxvii.wixsite.com/my-site-3/3fc3aa14.min.html]
[aryanxxvii.wixsite.com/my-site-3/eed9660c.min.html]
[aryanxxvii.wixsite.com/my-site-3/e98ddd9c.min.html]
[aryanxxvii.wixsite.com/my-site-3/9f54505f.min.html]
[aryanxxvii.wixsite.com/my-site-3/82a3c6bd.min.html]
[aryanxxvii.wixsite.com/my-site-3/959e5e9e.min.html]
[aryanxxvii.wixsite.com/my-site-3/c6933345.min.html]
[aryanxxvii.wixsite.com/my-site-3/7ac66a81.min.html]
[aryanxxvii.wixsite.com/my-site-3/7f6e9aff.min.html]
[aryanxxvii.wixsite.com/my-site-3/7197ceeb.min.html]
[aryanxxvii.wixsite.com/my-site-3/4d761874.min.html]
[aryanxxvii.wixsite.com/my-site-3/57ee110f.min.html]
[aryanxxvii.wixsite.com/my-site-3/723e4fed.min.html]
[aryanxxvii.wixsite.com/my-site-3/7d0d5475.min.html]
[aryanxxvii.wixsite.com/my-site-3/d9e9ecf4.min.html]
[aryanxxvii.wixsite.com/my-site-3/4d71157d.min.html]
[aryanxxvii.wixsite.com/my-site-3/30611ad6.min.html]
[aryanxxvii.wixsite.com/my-site-3/3107aee2.min.html]
[aryanxxvii.wixsite.com/my-site-3/add763df.min.html]
[aryanxxvii.wixsite.com/my-site-3/20a005d9.min.html]
[aryanxxvii.wixsite.com/my-site-3/f12c724d.min.html]
[aryanxxvii.wixsite.com/my-site-3/767a7565.min.html]
[aryanxxvii.wixsite.com/my-site-3/6dd0b2ab.min.html]
[aryanxxvii.wixsite.com/my-site-3/60e6c2a9.min.html]
[aryanxxvii.wixsite.com/my-site-3/6bd04466.min.html]
[aryanxxvii.wixsite.com/my-site-3/e356d735.min.html]
[aryanxxvii.wixsite.com/my-site-3/1fef0d1f.min.html]
[aryanxxvii.wixsite.com/my-site-3/4e9ee1a3.min.html]
[aryanxxvii.wixsite.com/my-site-3/8845e14b.min.html]
[aryanxxvii.wixsite.com/my-site-3/a7d5ac4b.min.html]
[aryanxxvii.wixsite.com/my-site-3/015a530e.min.html]
[aryanxxvii.wixsite.com/my-site-3/b6e3e82f.min.html]
[aryanxxvii.wixsite.com/my-site-3/731d5bce.min.html]
[aryanxxvii.wixsite.com/my-site-3/c61ac2b6.min.html]
[aryanxxvii.wixsite.com/my-site-3/c9d89f77.min.html]
[aryanxxvii.wixsite.com/my-site-3/77753e29.min.html]
[aryanxxvii.wixsite.com/my-site-3/2a3ba4df.min.html]
[aryanxxvii.wixsite.com/my-site-3/1150efce.min.html]
[aryanxxvii.wixsite.com/my-site-3/dbfd66d7.min.html]
[aryanxxvii.wixsite.com/my-site-3/e1813de1.min.html]
[aryanxxvii.wixsite.com/my-site-3/34b72cf9.min.html]
[aryanxxvii.wixsite.com/my-site-3/5d684912.min.html]
[aryanxxvii.wixsite.com/my-site-3/07d43a5b.min.html]
[aryanxxvii.wixsite.com/my-site-3/74e60b57.min.html]
[aryanxxvii.wixsite.com/my-site-3/71b202df.min.html]
[aryanxxvii.wixsite.com/my-site-3/1e24bd4a.min.html]
[aryanxxvii.wixsite.com/my-site-3/d078781b.min.html]
[aryanxxvii.wixsite.com/my-site-3/9a8b46cf.min.html]
[aryanxxvii.wixsite.com/my-site-3/f4071404.min.html]
[aryanxxvii.wixsite.com/my-site-3/a4efbb1a.min.html]
[aryanxxvii.wixsite.com/my-site-3/b69a6dca.min.html]
[aryanxxvii.wixsite.com/my-site-3/a8cea7d1.min.html]
[aryanxxvii.wixsite.com/my-site-3/9b7ffe32.min.html]
[aryanxxvii.wixsite.com/my-site-3/0e2bff6a.min.html]
[aryanxxvii.wixsite.com/my-site-3/8a3174ea.min.html]
[aryanxxvii.wixsite.com/my-site-3/56b396e1.min.html]
[aryanxxvii.wixsite.com/my-site-3/e31c9edb.min.html]
[aryanxxvii.wixsite.com/my-site-3/270ecc94.min.html]
[aryanxxvii.wixsite.com/my-site-3/aae8f9e8.min.html]
[aryanxxvii.wixsite.com/my-site-3/148a549f.min.html]
[aryanxxvii.wixsite.com/my-site-3/243dde79.min.html]
[aryanxxvii.wixsite.com/my-site-3/4b77444e.min.html]
[aryanxxvii.wixsite.com/my-site-3/debda15f.min.html]
[aryanxxvii.wixsite.com/my-site-3/c8e351db.min.html]
[aryanxxvii.wixsite.com/my-site-3/25adc72e.min.html]
[aryanxxvii.wixsite.com/my-site-3/ad3c03fe.min.html]
[aryanxxvii.wixsite.com/my-site-3/696515ba.min.html]
[aryanxxvii.wixsite.com/my-site-3/827a0773.chunk.min.html]
[aryanxxvii.wixsite.com/my-site-3/a187627f.chunk.min.html]
[aryanxxvii.wixsite.com/my-site-3/e495a481.chunk.min.html]
[aryanxxvii.wixsite.com/my-site-3/d759f331.chunk.min.html]
[aryanxxvii.wixsite.com/my-site-3/rb_wixui.thunderbolt_bootstrap-classic.885fc726.chunk.min.html]
[aryanxxvii.wixsite.com/my-site-3/rb_wixui.thunderbolt_bootstrap-responsive.a66c1914.chunk.min.html]
[aryanxxvii.wixsite.com/my-site-3/rb_wixui.thunderbolt_bootstrap-responsive.e495a481.chunk.min.html]
[aryanxxvii.wixsite.com/my-site-3/rb_wixui.thunderbolt_common-site-members-dialogs.d78bf087.chunk.min.html]
[aryanxxvii.wixsite.com/my-site-3/rb_wixui.thunderbolt_common-site-members-dialogs.d759f331.chunk.min.html]
[aryanxxvii.wixsite.com/my-site-3/rb_wixui.thunderbolt_bootstrap.aaf11717.chunk.min.html]
[aryanxxvii.wixsite.com/my-site-3/rb_wixui.thunderbolt_bootstrap.827a0773.chunk.min.html]
[aryanxxvii.wixsite.com/my-site-3/rb_wixui.corvid_core.d73046ab.chunk.min.html]
[aryanxxvii.wixsite.com/my-site-3/rb_wixui.thunderbolt_mobile.eea54e4b.chunk.min.html]
[aryanxxvii.wixsite.com/my-site-3/decodeURIComponent(e.html]
[aryanxxvii.wixsite.com/my-site-3/robots.html]
[aryanxxvii.wixsite.com/my-site-3/feed.html]
[aryanxxvii.wixsite.com/my-site-3/version/index.html]
[aryanxxvii.wixsite.com/my-site-3/version/index.html]
